// Jest Snapshot v1, https://goo.gl/fbAQLP

exports[`RootLayout matches snapshot 1`] = `
<View>
  Mocked RootLayout
</View>
`;
