// Jest Snapshot v1, https://goo.gl/fbAQLP

exports[`HomeScreen matches snapshot 1`] = `
[
  <Text>
    HEADER: Home
  </Text>,
  <RCTScrollView
    contentContainerStyle={
      {
        "paddingBottom": 60,
      }
    }
    style={
      {
        "flex": 1,
        "width": "100%",
      }
    }
  >
    <View>
      <View
        accessibilityState={
          {
            "busy": undefined,
            "checked": undefined,
            "disabled": undefined,
            "expanded": undefined,
            "selected": undefined,
          }
        }
        accessibilityValue={
          {
            "max": undefined,
            "min": undefined,
            "now": undefined,
            "text": undefined,
          }
        }
        accessible={true}
        collapsable={false}
        focusable={true}
        onClick={[Function]}
        onResponderGrant={[Function]}
        onResponderMove={[Function]}
        onResponderRelease={[Function]}
        onResponderTerminate={[Function]}
        onResponderTerminationRequest={[Function]}
        onStartShouldSetResponder={[Function]}
        style={
          {
            "alignItems": "center",
            "backgroundColor": "#007AFF15",
            "borderLeftColor": "#007AFF",
            "borderLeftWidth": 3,
            "borderRadius": 6,
            "flexDirection": "row",
            "justifyContent": "space-between",
            "marginVertical": 8,
            "opacity": 1,
            "paddingHorizontal": 10,
            "paddingVertical": 12,
          }
        }
      >
        <View
          style={
            {
              "alignItems": "center",
              "flexDirection": "row",
            }
          }
        >
          <Text
            style={
              [
                {
                  "fontSize": 16,
                  "fontWeight": "600",
                },
                {
                  "color": "#000",
                },
                {
                  "color": "#007AFF",
                },
                false,
              ]
            }
          >
            Today
          </Text>
        </View>
        <FontAwesome
          color="#007AFF"
          name="chevron-down"
          size={16}
        />
      </View>
      <Text
        style={
          [
            {
              "fontStyle": "italic",
              "marginTop": 50,
              "marginVertical": 15,
              "textAlign": "center",
            },
            {
              "color": "#666",
            },
          ]
        }
      >
        No tasks for today
      </Text>
      <View
        accessibilityState={
          {
            "busy": undefined,
            "checked": undefined,
            "disabled": undefined,
            "expanded": undefined,
            "selected": undefined,
          }
        }
        accessibilityValue={
          {
            "max": undefined,
            "min": undefined,
            "now": undefined,
            "text": undefined,
          }
        }
        accessible={true}
        collapsable={false}
        focusable={true}
        onClick={[Function]}
        onResponderGrant={[Function]}
        onResponderMove={[Function]}
        onResponderRelease={[Function]}
        onResponderTerminate={[Function]}
        onResponderTerminationRequest={[Function]}
        onStartShouldSetResponder={[Function]}
        style={
          {
            "alignItems": "center",
            "backgroundColor": "transparent",
            "borderRadius": 6,
            "flexDirection": "row",
            "justifyContent": "space-between",
            "marginVertical": 8,
            "opacity": 1,
            "paddingHorizontal": 10,
            "paddingVertical": 12,
          }
        }
      >
        <View
          style={
            {
              "alignItems": "center",
              "flexDirection": "row",
            }
          }
        >
          <Text
            style={
              [
                {
                  "fontSize": 16,
                  "fontWeight": "600",
                },
                {
                  "color": "#000",
                },
                false,
                false,
              ]
            }
          >
            Tomorrow
          </Text>
        </View>
        <FontAwesome
          color="#000"
          name="chevron-right"
          size={16}
        />
      </View>
      <View
        accessibilityState={
          {
            "busy": undefined,
            "checked": undefined,
            "disabled": undefined,
            "expanded": undefined,
            "selected": undefined,
          }
        }
        accessibilityValue={
          {
            "max": undefined,
            "min": undefined,
            "now": undefined,
            "text": undefined,
          }
        }
        accessible={true}
        collapsable={false}
        focusable={true}
        onClick={[Function]}
        onResponderGrant={[Function]}
        onResponderMove={[Function]}
        onResponderRelease={[Function]}
        onResponderTerminate={[Function]}
        onResponderTerminationRequest={[Function]}
        onStartShouldSetResponder={[Function]}
        style={
          {
            "alignItems": "center",
            "backgroundColor": "transparent",
            "borderRadius": 6,
            "flexDirection": "row",
            "justifyContent": "space-between",
            "marginVertical": 8,
            "opacity": 1,
            "paddingHorizontal": 10,
            "paddingVertical": 12,
          }
        }
      >
        <View
          style={
            {
              "alignItems": "center",
              "flexDirection": "row",
            }
          }
        >
          <Text
            style={
              [
                {
                  "fontSize": 16,
                  "fontWeight": "600",
                },
                {
                  "color": "#000",
                },
                false,
                false,
              ]
            }
          >
            Upcoming
          </Text>
        </View>
        <FontAwesome
          color="#000"
          name="chevron-right"
          size={16}
        />
      </View>
    </View>
  </RCTScrollView>,
  <View
    accessibilityState={
      {
        "busy": undefined,
        "checked": undefined,
        "disabled": undefined,
        "expanded": undefined,
        "selected": undefined,
      }
    }
    accessibilityValue={
      {
        "max": undefined,
        "min": undefined,
        "now": undefined,
        "text": undefined,
      }
    }
    accessible={true}
    collapsable={false}
    focusable={true}
    onClick={[Function]}
    onResponderGrant={[Function]}
    onResponderMove={[Function]}
    onResponderRelease={[Function]}
    onResponderTerminate={[Function]}
    onResponderTerminationRequest={[Function]}
    onStartShouldSetResponder={[Function]}
    style={
      {
        "alignItems": "center",
        "backgroundColor": "#007AFF",
        "borderRadius": 28,
        "bottom": 80,
        "elevation": 8,
        "height": 56,
        "justifyContent": "center",
        "opacity": 1,
        "position": "absolute",
        "right": 20,
        "shadowColor": "#000",
        "shadowOffset": {
          "height": 2,
          "width": 0,
        },
        "shadowOpacity": 0.25,
        "shadowRadius": 3.84,
        "width": 56,
      }
    }
  >
    <FontAwesome
      color="white"
      name="plus"
      size={24}
    />
  </View>,
]
`;
