// Jest Snapshot v1, https://goo.gl/fbAQLP

exports[`SettingsScreen matches snapshot 1`] = `
[
  <Text>
    HEADER: Settings
  </Text>,
  <RCTScrollView
    style={
      {
        "flex": 1,
        "width": "100%",
      }
    }
  >
    <View>
      <View
        style={
          {
            "marginBottom": 24,
            "paddingHorizontal": 20,
          }
        }
      >
        <Text
          style={
            [
              {
                "fontSize": 18,
                "fontWeight": "600",
                "marginBottom": 10,
              },
              {
                "color": "#000",
              },
            ]
          }
        >
          Theme
        </Text>
        <Text>
          Theme Selector Component
        </Text>
      </View>
      <View
        style={
          {
            "marginBottom": 24,
            "paddingHorizontal": 20,
          }
        }
      >
        <Text
          style={
            [
              {
                "fontSize": 18,
                "fontWeight": "600",
                "marginBottom": 10,
              },
              {
                "color": "#000",
              },
            ]
          }
        >
          Language
        </Text>
        <Text>
          Language Selector Component
        </Text>
      </View>
      <View
        style={
          {
            "marginBottom": 24,
            "paddingHorizontal": 20,
          }
        }
      >
        <Text
          style={
            [
              {
                "fontSize": 18,
                "fontWeight": "600",
                "marginBottom": 10,
              },
              {
                "color": "#000",
              },
            ]
          }
        >
          Snooze Duration
        </Text>
        <View
          accessibilityState={
            {
              "busy": undefined,
              "checked": undefined,
              "disabled": undefined,
              "expanded": undefined,
              "selected": undefined,
            }
          }
          accessibilityValue={
            {
              "max": undefined,
              "min": undefined,
              "now": undefined,
              "text": undefined,
            }
          }
          accessible={true}
          collapsable={false}
          focusable={true}
          onClick={[Function]}
          onResponderGrant={[Function]}
          onResponderMove={[Function]}
          onResponderRelease={[Function]}
          onResponderTerminate={[Function]}
          onResponderTerminationRequest={[Function]}
          onStartShouldSetResponder={[Function]}
          style={
            {
              "alignItems": "center",
              "backgroundColor": "#f0f0f0",
              "borderRadius": 8,
              "flexDirection": "row",
              "justifyContent": "space-between",
              "marginBottom": 8,
              "opacity": 1,
              "padding": 12,
            }
          }
        >
          <Text
            style={
              [
                {
                  "fontSize": 16,
                },
                {
                  "color": "#000",
                },
              ]
            }
          >
            Default Snooze Time
          </Text>
          <View
            style={
              {
                "alignItems": "center",
                "flexDirection": "row",
              }
            }
          >
            <Text
              style={
                [
                  {
                    "fontSize": 16,
                    "fontWeight": "500",
                    "marginRight": 8,
                  },
                  {
                    "color": "#000",
                  },
                ]
              }
            >
              24
               
              hours
            </Text>
            <FontAwesome
              color="#000"
              name="pencil"
              size={16}
            />
          </View>
        </View>
        <Text
          style={
            [
              {
                "fontSize": 12,
                "fontStyle": "italic",
                "marginTop": 4,
              },
              {
                "color": "#666",
              },
            ]
          }
        >
          This is how long tasks will be snoozed when you use the snooze action.
        </Text>
      </View>
      <View
        style={
          {
            "marginBottom": 24,
            "paddingHorizontal": 20,
          }
        }
      >
        <View
          style={
            {
              "alignItems": "center",
              "flexDirection": "row",
              "justifyContent": "space-between",
              "marginBottom": 10,
            }
          }
        >
          <Text
            style={
              [
                {
                  "fontSize": 18,
                  "fontWeight": "600",
                  "marginBottom": 10,
                },
                {
                  "color": "#000",
                },
              ]
            }
          >
            Tags
          </Text>
          <View
            accessibilityState={
              {
                "busy": undefined,
                "checked": undefined,
                "disabled": undefined,
                "expanded": undefined,
                "selected": undefined,
              }
            }
            accessibilityValue={
              {
                "max": undefined,
                "min": undefined,
                "now": undefined,
                "text": undefined,
              }
            }
            accessible={true}
            collapsable={false}
            focusable={true}
            onClick={[Function]}
            onResponderGrant={[Function]}
            onResponderMove={[Function]}
            onResponderRelease={[Function]}
            onResponderTerminate={[Function]}
            onResponderTerminationRequest={[Function]}
            onStartShouldSetResponder={[Function]}
            style={
              {
                "alignItems": "center",
                "backgroundColor": "#007AFF",
                "borderRadius": 20,
                "flexDirection": "row",
                "opacity": 1,
                "paddingHorizontal": 12,
                "paddingVertical": 6,
              }
            }
          >
            <FontAwesome
              color="white"
              name="plus"
              size={16}
            />
            <Text
              style={
                {
                  "color": "white",
                  "fontWeight": "500",
                  "marginLeft": 5,
                }
              }
            >
              Add Tag
            </Text>
          </View>
        </View>
        <RCTScrollView
          data={
            [
              "Work",
              "Personal",
            ]
          }
          getItem={[Function]}
          getItemCount={[Function]}
          getItemLayout={[Function]}
          initialNumToRender={5}
          keyExtractor={[Function]}
          maxToRenderPerBatch={5}
          onContentSizeChange={[Function]}
          onLayout={[Function]}
          onMomentumScrollBegin={[Function]}
          onMomentumScrollEnd={[Function]}
          onScroll={[Function]}
          onScrollBeginDrag={[Function]}
          onScrollEndDrag={[Function]}
          removeClippedSubviews={true}
          renderItem={[Function]}
          scrollEnabled={false}
          scrollEventThrottle={0.0001}
          stickyHeaderIndices={[]}
          viewabilityConfigCallbackPairs={[]}
        >
          <View>
            <View
              onFocusCapture={[Function]}
              style={null}
            >
              <Text>
                Tag Item Component
              </Text>
            </View>
            <View
              onFocusCapture={[Function]}
              style={null}
            >
              <Text>
                Tag Item Component
              </Text>
            </View>
          </View>
        </RCTScrollView>
      </View>
      <View
        style={
          {
            "alignItems": "center",
            "marginBottom": 20,
            "marginTop": 20,
          }
        }
      >
        <Text
          style={
            [
              {
                "fontSize": 14,
              },
              {
                "color": "#666",
              },
            ]
          }
        >
          Todo App
           
          v1.0.0
        </Text>
      </View>
    </View>
  </RCTScrollView>,
]
`;
