// Jest Snapshot v1, https://goo.gl/fbAQLP

exports[`TabLayout matches snapshot 1`] = `
<View
  testID="mock-tab-layout"
/>
`;
